log4cxx: setFile(C:\Users\mahir\AppData\Local\MiKTeX\miktex\log/pdflatex.log,true) call failed.
log4cxx: IO Exception : status code = 720005(Access is denied.  )
This is pdfTeX, Version 3.141592653-2.6-1.40.29 (MiKTeX 26.5) (preloaded format=pdflatex.fmt)
 restricted \write18 enabled.
entering extended mode
(demo.tex
LaTeX2e <2026-06-01>
L3 programming layer <2026-05-26>
(C:\Users\mahir\AppData\Roaming\MiKTeX\tex/latex/beamer\beamer.cls
Document Class: beamer 2026/01/22 v3.77 A class for typesetting presentations
(C:\Users\mahir\AppData\Roaming\MiKTeX\tex/latex/beamer\beamerbasemodes.sty
(C:\Program Files\MiKTeX\tex/latex/etoolbox\etoolbox.sty)
(C:\Users\mahir\AppData\Roaming\MiKTeX\tex/latex/beamer\beamerbasedecode.sty))
(C:\Program Files\MiKTeX\tex/generic/iftex\iftex.sty)
(C:\Users\mahir\AppData\Roaming\MiKTeX\tex/latex/beamer\beamerbaseoptions.sty
(C:\Program Files\MiKTeX\tex/latex/graphics\keyval.sty))
(C:\Users\mahir\AppData\Roaming\MiKTeX\tex/latex/geometry\geometry.sty
(C:\Program Files\MiKTeX\tex/generic/iftex\ifvtex.sty)
(C:\Users\mahir\AppData\Roaming\MiKTeX\tex/latex/geometry\geometry.cfg))
(C:\Program Files\MiKTeX\tex/latex/pgf/math\pgfmath.sty
(C:\Program Files\MiKTeX\tex/latex/pgf/utilities\pgfrcs.sty
(C:\Program Files\MiKTeX\tex/generic/pgf/utilities\pgfutil-common.tex)
(C:\Program Files\MiKTeX\tex/generic/pgf/utilities\pgfutil-latex.def)
(C:\Program Files\MiKTeX\tex/generic/pgf/utilities\pgfrcs.code.tex
(C:\Program Files\MiKTeX\tex/generic/pgf\pgf.revision.tex)))
(C:\Program Files\MiKTeX\tex/latex/pgf/utilities\pgfkeys.sty
(C:\Program Files\MiKTeX\tex/generic/pgf/utilities\pgfkeys.code.tex
(C:\Program Files\MiKTeX\tex/generic/pgf/utilities\pgfkeyslibraryfiltered.code.
tex))) (C:\Program Files\MiKTeX\tex/generic/pgf/math\pgfmath.code.tex
(C:\Program Files\MiKTeX\tex/generic/pgf/math\pgfmathutil.code.tex)
(C:\Program Files\MiKTeX\tex/generic/pgf/math\pgfmathparser.code.tex)
(C:\Program Files\MiKTeX\tex/generic/pgf/math\pgfmathfunctions.code.tex)
(C:\Program Files\MiKTeX\tex/generic/pgf/math\pgfmathfunctions.basic.code.tex)
(C:\Program Files\MiKTeX\tex/generic/pgf/math\pgfmathfunctions.trigonometric.co
de.tex)
(C:\Program Files\MiKTeX\tex/generic/pgf/math\pgfmathfunctions.random.code.tex)

(C:\Program Files\MiKTeX\tex/generic/pgf/math\pgfmathfunctions.comparison.code.
tex)
(C:\Program Files\MiKTeX\tex/generic/pgf/math\pgfmathfunctions.base.code.tex)
(C:\Program Files\MiKTeX\tex/generic/pgf/math\pgfmathfunctions.round.code.tex)
(C:\Program Files\MiKTeX\tex/generic/pgf/math\pgfmathfunctions.misc.code.tex)
(C:\Program Files\MiKTeX\tex/generic/pgf/math\pgfmathfunctions.integerarithmeti
cs.code.tex) (C:\Program Files\MiKTeX\tex/generic/pgf/math\pgfmathcalc.code.tex
) (C:\Program Files\MiKTeX\tex/generic/pgf/math\pgfmathfloat.code.tex)))
(C:\Program Files\MiKTeX\tex/latex/base\size11.clo)
(C:\Program Files\MiKTeX\tex/latex/pgf/basiclayer\pgfcore.sty
(C:\Program Files\MiKTeX\tex/latex/graphics\graphicx.sty
(C:\Program Files\MiKTeX\tex/latex/graphics\graphics.sty
(C:\Program Files\MiKTeX\tex/latex/graphics\trig.sty)
(C:\Program Files\MiKTeX\tex/latex/graphics-cfg\graphics.cfg)
(C:\Program Files\MiKTeX\tex/latex/graphics-def\pdftex.def)))
(C:\Program Files\MiKTeX\tex/latex/pgf/systemlayer\pgfsys.sty
(C:\Program Files\MiKTeX\tex/generic/pgf/systemlayer\pgfsys.code.tex
(C:\Program Files\MiKTeX\tex/generic/pgf/systemlayer\pgf.cfg)
(C:\Program Files\MiKTeX\tex/generic/pgf/systemlayer\pgfsys-pdftex.def
(C:\Program Files\MiKTeX\tex/generic/pgf/systemlayer\pgfsys-common-pdf.def)))
(C:\Program Files\MiKTeX\tex/generic/pgf/systemlayer\pgfsyssoftpath.code.tex)
(C:\Program Files\MiKTeX\tex/generic/pgf/systemlayer\pgfsysprotocol.code.tex))
(C:\Program Files\MiKTeX\tex/latex/xcolor\xcolor.sty
(C:\Program Files\MiKTeX\tex/latex/graphics-cfg\color.cfg)
(C:\Program Files\MiKTeX\tex/latex/graphics\mathcolor.ltx))
(C:\Program Files\MiKTeX\tex/generic/pgf/basiclayer\pgfcore.code.tex
(C:\Program Files\MiKTeX\tex/generic/pgf/math\pgfint.code.tex)
(C:\Program Files\MiKTeX\tex/generic/pgf/basiclayer\pgfcorepoints.code.tex)
(C:\Program Files\MiKTeX\tex/generic/pgf/basiclayer\pgfcorepathconstruct.code.t
ex)
(C:\Program Files\MiKTeX\tex/generic/pgf/basiclayer\pgfcorepathusage.code.tex)
(C:\Program Files\MiKTeX\tex/generic/pgf/basiclayer\pgfcorescopes.code.tex)
(C:\Program Files\MiKTeX\tex/generic/pgf/basiclayer\pgfcoregraphicstate.code.te
x)
(C:\Program Files\MiKTeX\tex/generic/pgf/basiclayer\pgfcoretransformations.code
.tex) (C:\Program Files\MiKTeX\tex/generic/pgf/basiclayer\pgfcorequick.code.tex
) (C:\Program Files\MiKTeX\tex/generic/pgf/basiclayer\pgfcoreobjects.code.tex)
(C:\Program Files\MiKTeX\tex/generic/pgf/basiclayer\pgfcorepathprocessing.code.
tex) (C:\Program Files\MiKTeX\tex/generic/pgf/basiclayer\pgfcorearrows.code.tex
) (C:\Program Files\MiKTeX\tex/generic/pgf/basiclayer\pgfcoreshade.code.tex)
(C:\Program Files\MiKTeX\tex/generic/pgf/basiclayer\pgfcoreimage.code.tex)
(C:\Program Files\MiKTeX\tex/generic/pgf/basiclayer\pgfcoreexternal.code.tex)
(C:\Program Files\MiKTeX\tex/generic/pgf/basiclayer\pgfcorelayers.code.tex)
(C:\Program Files\MiKTeX\tex/generic/pgf/basiclayer\pgfcoretransparency.code.te
x) (C:\Program Files\MiKTeX\tex/generic/pgf/basiclayer\pgfcorepatterns.code.tex
) (C:\Program Files\MiKTeX\tex/generic/pgf/basiclayer\pgfcorerdf.code.tex)))
(C:\Program Files\MiKTeX\tex/latex/pgf/utilities\xxcolor.sty)
(C:\Program Files\MiKTeX\tex/latex/base\atbegshi-ltx.sty)
(C:\Program Files\MiKTeX\tex/latex/hyperref\hyperref.sty
(C:\Users\mahir\AppData\Roaming\MiKTeX\tex/latex/kvsetkeys\kvsetkeys.sty)
(C:\Users\mahir\AppData\Roaming\MiKTeX\tex/generic/kvdefinekeys\kvdefinekeys.st
y) (C:\Users\mahir\AppData\Roaming\MiKTeX\tex/generic/pdfescape\pdfescape.sty
(C:\Users\mahir\AppData\Roaming\MiKTeX\tex/generic/ltxcmds\ltxcmds.sty)
(C:\Program Files\MiKTeX\tex/generic/pdftexcmds\pdftexcmds.sty
(C:\Users\mahir\AppData\Roaming\MiKTeX\tex/generic/infwarerr\infwarerr.sty)))
(C:\Users\mahir\AppData\Roaming\MiKTeX\tex/latex/hycolor\hycolor.sty)
(C:\Program Files\MiKTeX\tex/latex/hyperref\nameref.sty
(C:\Users\mahir\AppData\Roaming\MiKTeX\tex/latex/refcount\refcount.sty)
(C:\Users\mahir\AppData\Roaming\MiKTeX\tex/generic/gettitlestring\gettitlestrin
g.sty (C:\Users\mahir\AppData\Roaming\MiKTeX\tex/latex/kvoptions\kvoptions.sty)
)) (C:\Users\mahir\AppData\Roaming\MiKTeX\tex/generic/stringenc\stringenc.sty)
(C:\Program Files\MiKTeX\tex/latex/hyperref\pd1enc.def)
(C:\Users\mahir\AppData\Roaming\MiKTeX\tex/generic/intcalc\intcalc.sty)
(C:\Program Files\MiKTeX\tex/latex/hyperref\puenc.def)
(C:\Program Files\MiKTeX\tex/latex/url\url.sty)
(C:\Users\mahir\AppData\Roaming\MiKTeX\tex/generic/bitset\bitset.sty
(C:\Users\mahir\AppData\Roaming\MiKTeX\tex/generic/bigintcalc\bigintcalc.sty))

Package hyperref Message: Stopped early.

) (C:\Program Files\MiKTeX\tex/latex/hyperref\hpdftex.def
(C:\Users\mahir\AppData\Roaming\MiKTeX\tex/latex/rerunfilecheck\rerunfilecheck.
sty
(C:\Users\mahir\AppData\Roaming\MiKTeX\tex/generic/uniquecounter\uniquecounter.
sty)))
(C:\Users\mahir\AppData\Roaming\MiKTeX\tex/latex/beamer\beamerbaserequires.sty
(C:\Users\mahir\AppData\Roaming\MiKTeX\tex/latex/beamer\beamerbasecompatibility
.sty)
(C:\Users\mahir\AppData\Roaming\MiKTeX\tex/latex/beamer\beamerbasefont.sty
(C:\Program Files\MiKTeX\tex/latex/amsfonts\amssymb.sty
(C:\Program Files\MiKTeX\tex/latex/amsfonts\amsfonts.sty))
(C:\Users\mahir\AppData\Roaming\MiKTeX\tex/latex/sansmathaccent\sansmathaccent.
sty (C:\Users\mahir\AppData\Roaming\MiKTeX\tex/latex/koma-script\scrlfile.sty
(C:\Users\mahir\AppData\Roaming\MiKTeX\tex/latex/koma-script\scrlfile-hook.sty
(C:\Users\mahir\AppData\Roaming\MiKTeX\tex/latex/koma-script\scrlogo.sty)))))
(C:\Users\mahir\AppData\Roaming\MiKTeX\tex/latex/beamer\beamerbasetranslator.st
y (C:\Users\mahir\AppData\Roaming\MiKTeX\tex/latex/translator\translator.sty))
(C:\Users\mahir\AppData\Roaming\MiKTeX\tex/latex/beamer\beamerbasemisc.sty)
(C:\Users\mahir\AppData\Roaming\MiKTeX\tex/latex/beamer\beamerbasetwoscreens.st
y)
(C:\Users\mahir\AppData\Roaming\MiKTeX\tex/latex/beamer\beamerbaseoverlay.sty)
(C:\Users\mahir\AppData\Roaming\MiKTeX\tex/latex/beamer\beamerbasetitle.sty)
(C:\Users\mahir\AppData\Roaming\MiKTeX\tex/latex/beamer\beamerbasesection.sty)
(C:\Users\mahir\AppData\Roaming\MiKTeX\tex/latex/beamer\beamerbaseframe.sty)
(C:\Users\mahir\AppData\Roaming\MiKTeX\tex/latex/beamer\beamerbaseverbatim.sty)

(C:\Users\mahir\AppData\Roaming\MiKTeX\tex/latex/beamer\beamerbaseframesize.sty
)
(C:\Users\mahir\AppData\Roaming\MiKTeX\tex/latex/beamer\beamerbaseframecomponen
ts.sty)
(C:\Users\mahir\AppData\Roaming\MiKTeX\tex/latex/beamer\beamerbasecolor.sty)
(C:\Users\mahir\AppData\Roaming\MiKTeX\tex/latex/beamer\beamerbasenotes.sty)
(C:\Users\mahir\AppData\Roaming\MiKTeX\tex/latex/beamer\beamerbasetoc.sty)
(C:\Users\mahir\AppData\Roaming\MiKTeX\tex/latex/beamer\beamerbasetemplates.sty

(C:\Users\mahir\AppData\Roaming\MiKTeX\tex/latex/beamer\beamerbaseauxtemplates.
sty (C:\Users\mahir\AppData\Roaming\MiKTeX\tex/latex/beamer\beamerbaseboxes.sty
)))
(C:\Users\mahir\AppData\Roaming\MiKTeX\tex/latex/beamer\beamerbaselocalstructur
e.sty (C:\Program Files\MiKTeX\tex/latex/tools\enumerate.sty))
(C:\Users\mahir\AppData\Roaming\MiKTeX\tex/latex/beamer\beamerbasenavigation.st
y
(C:\Users\mahir\AppData\Roaming\MiKTeX\tex/latex/beamer\beamerbasenavigationsym
bols.tex))
(C:\Users\mahir\AppData\Roaming\MiKTeX\tex/latex/beamer\beamerbasetheorems.sty
(C:\Program Files\MiKTeX\tex/latex/amsmath\amsmath.sty
For additional information on amsmath, use the `?' option.
(C:\Program Files\MiKTeX\tex/latex/amsmath\amstext.sty
(C:\Program Files\MiKTeX\tex/latex/amsmath\amsgen.sty))
(C:\Program Files\MiKTeX\tex/latex/amsmath\amsbsy.sty)
(C:\Program Files\MiKTeX\tex/latex/amsmath\amsopn.sty))
(C:\Users\mahir\AppData\Roaming\MiKTeX\tex/latex/amscls\amsthm.sty))
(C:\Users\mahir\AppData\Roaming\MiKTeX\tex/latex/beamer\beamerbasethemes.sty))
(C:\Users\mahir\AppData\Roaming\MiKTeX\tex/latex/beamer\beamerthemedefault.sty
(C:\Users\mahir\AppData\Roaming\MiKTeX\tex/latex/beamer\beamerfontthemedefault.
sty)
(C:\Users\mahir\AppData\Roaming\MiKTeX\tex/latex/beamer\beamercolorthemedefault
.sty)
(C:\Users\mahir\AppData\Roaming\MiKTeX\tex/latex/beamer\beamerinnerthemedefault
.sty)
(C:\Users\mahir\AppData\Roaming\MiKTeX\tex/latex/beamer\beamerouterthemedefault
.sty))) (C:\Users\mahir\AppData\Roaming\MiKTeX\tex/latex/fira\FiraSans.sty
(C:\Program Files\MiKTeX\tex/generic/iftex\ifxetex.sty)
(C:\Program Files\MiKTeX\tex/generic/iftex\ifluatex.sty)
(C:\Program Files\MiKTeX\tex/latex/xkeyval\xkeyval.sty
(C:\Program Files\MiKTeX\tex/generic/xkeyval\xkeyval.tex
(C:\Program Files\MiKTeX\tex/generic/xkeyval\xkvutils.tex)))
(C:\Program Files\MiKTeX\tex/latex/base\textcomp.sty)
(C:\Users\mahir\AppData\Roaming\MiKTeX\tex/latex/fontaxes\fontaxes.sty
(C:\Users\mahir\AppData\Roaming\MiKTeX\tex/latex/figureversions\figureversions.
sty))) (C:\Program Files\MiKTeX\tex/latex/base\fontenc.sty
(C:\Users\mahir\AppData\Roaming\MiKTeX\tex/latex/fira\t1firasans-osf.fd))
(C:\Program Files\MiKTeX\tex/latex/tools\bm.sty)
(C:\Program Files\MiKTeX\tex/latex/pgf/frontendlayer\tikz.sty
(C:\Program Files\MiKTeX\tex/latex/pgf/basiclayer\pgf.sty
(C:\Program Files\MiKTeX\tex/generic/pgf/modules\pgfmoduleshapes.code.tex)
(C:\Program Files\MiKTeX\tex/generic/pgf/modules\pgfmoduleplot.code.tex)
(C:\Program Files\MiKTeX\tex/latex/pgf/compatibility\pgfcomp-version-0-65.sty)
(C:\Program Files\MiKTeX\tex/latex/pgf/compatibility\pgfcomp-version-1-18.sty))
 (C:\Program Files\MiKTeX\tex/latex/pgf/utilities\pgffor.sty
(C:\Program Files\MiKTeX\tex/generic/pgf/utilities\pgffor.code.tex))
(C:\Program Files\MiKTeX\tex/generic/pgf/frontendlayer/tikz\tikz.code.tex
(C:\Program Files\MiKTeX\tex/generic/pgf/libraries\pgflibraryplothandlers.code.
tex) (C:\Program Files\MiKTeX\tex/generic/pgf/modules\pgfmodulematrix.code.tex)

(C:\Program Files\MiKTeX\tex/generic/pgf/frontendlayer/tikz/libraries\tikzlibra
rytopaths.code.tex)))
(C:\Program Files\MiKTeX\tex/generic/pgf/frontendlayer/tikz/libraries\tikzlibra
rycalc.code.tex)
(C:\Program Files\MiKTeX\tex/generic/pgf/frontendlayer/tikz/libraries\tikzlibra
rypositioning.code.tex)
(C:\Program Files\MiKTeX\tex/generic/pgf/frontendlayer/tikz/libraries\tikzlibra
ryshapes.geometric.code.tex
(C:\Program Files\MiKTeX\tex/generic/pgf/libraries/shapes\pgflibraryshapes.geom
etric.code.tex))
(C:\Program Files\MiKTeX\tex/generic/pgf/libraries\pgflibraryarrows.meta.code.t
ex)
(C:\Program Files\MiKTeX\tex/generic/pgf/frontendlayer/tikz/libraries\tikzlibra
rydecorations.pathreplacing.code.tex
(C:\Program Files\MiKTeX\tex/generic/pgf/frontendlayer/tikz/libraries\tikzlibra
rydecorations.code.tex
(C:\Program Files\MiKTeX\tex/generic/pgf/modules\pgfmoduledecorations.code.tex)
)
(C:\Program Files\MiKTeX\tex/generic/pgf/libraries/decorations\pgflibrarydecora
tions.pathreplacing.code.tex))
(C:\Program Files\MiKTeX\tex/latex/l3backend\l3backend-pdftex.def)
(D:\code\latex_presentation\tmp\tex_recompile\demo_recompiled.aux)
*geometry* driver: auto-detecting
*geometry* detected driver: pdftex
(C:\Program Files\MiKTeX\tex/context/base/mkii\supp-pdf.mkii
[Loading MPS to PDF converter (version 2006.09.02).]
) (C:\Program Files\MiKTeX\tex/latex/epstopdf-pkg\epstopdf-base.sty
(C:\Program Files\MiKTeX\tex/latex/00miktex\epstopdf-sys.cfg))
(D:\code\latex_presentation\tmp\tex_recompile\demo_recompiled.out)
(D:\code\latex_presentation\tmp\tex_recompile\demo_recompiled.out)
(C:\Users\mahir\AppData\Roaming\MiKTeX\tex/latex/translator\translator-basic-di
ctionary-English.dict)
(C:\Users\mahir\AppData\Roaming\MiKTeX\tex/latex/translator\translator-bibliogr
aphy-dictionary-English.dict)
(C:\Users\mahir\AppData\Roaming\MiKTeX\tex/latex/translator\translator-environm
ent-dictionary-English.dict)
(C:\Users\mahir\AppData\Roaming\MiKTeX\tex/latex/translator\translator-months-d
ictionary-English.dict)
(C:\Users\mahir\AppData\Roaming\MiKTeX\tex/latex/translator\translator-numbers-
dictionary-English.dict)
(C:\Users\mahir\AppData\Roaming\MiKTeX\tex/latex/translator\translator-theorem-
dictionary-English.dict)
(D:\code\latex_presentation\tmp\tex_recompile\demo_recompiled.nav)
(C:\Program Files\MiKTeX\tex/latex/amsfonts\umsa.fd)
(C:\Program Files\MiKTeX\tex/latex/amsfonts\umsb.fd)
(C:\Users\mahir\AppData\Roaming\MiKTeX\tex/latex/fira\ts1firasans-osf.fd)
[1{C:/Users/mahir/AppData/Local/MiKTeX/fonts/map/pdftex/pdftex.map}{C:/Users/ma
hir/AppData/Roaming/MiKTeX/fonts/enc/dvips/fira/fir_iln36p.enc}{C:/Users/mahir/
AppData/Roaming/MiKTeX/fonts/enc/dvips/fira/fir_d67aat.enc}] [2] [3] [4]
[5] [6] (D:\code\latex_presentation\tmp\tex_recompile\demo_recompiled.aux) )<C:
/Users/mahir/AppData/Roaming/MiKTeX/fonts/type1/public/fira/FiraSans-Bold.pfb><
C:/Users/mahir/AppData/Roaming/MiKTeX/fonts/type1/public/fira/FiraSans-ExtraBol
d.pfb><C:/Users/mahir/AppData/Roaming/MiKTeX/fonts/type1/public/fira/FiraSans-I
talic.pfb><C:/Users/mahir/AppData/Roaming/MiKTeX/fonts/type1/public/fira/FiraSa
ns-Regular.pfb><C:/Program Files/MiKTeX/fonts/type1/public/amsfonts/cm/cmex10.p
fb><C:/Program Files/MiKTeX/fonts/type1/public/amsfonts/cm/cmmi10.pfb><C:/Progr
am Files/MiKTeX/fonts/type1/public/amsfonts/cm/cmmi5.pfb><C:/Program Files/MiKT
eX/fonts/type1/public/amsfonts/cm/cmmi6.pfb><C:/Program Files/MiKTeX/fonts/type
1/public/amsfonts/cm/cmmi7.pfb><C:/Program Files/MiKTeX/fonts/type1/public/amsf
onts/cm/cmmi8.pfb><C:/Program Files/MiKTeX/fonts/type1/public/amsfonts/cm/cmmi9
.pfb><C:/Program Files/MiKTeX/fonts/type1/public/amsfonts/cm/cmmib10.pfb><C:/Pr
ogram Files/MiKTeX/fonts/type1/public/amsfonts/cmextra/cmmib8.pfb><C:/Program F
iles/MiKTeX/fonts/type1/public/amsfonts/cmextra/cmmib9.pfb><C:/Program Files/Mi
KTeX/fonts/type1/public/amsfonts/cm/cmss10.pfb><C:/Program Files/MiKTeX/fonts/t
ype1/public/amsfonts/cm/cmss12.pfb><C:/Program Files/MiKTeX/fonts/type1/public/
amsfonts/cm/cmss8.pfb><C:/Program Files/MiKTeX/fonts/type1/public/amsfonts/cm/c
mss9.pfb><C:/Program Files/MiKTeX/fonts/type1/public/amsfonts/cm/cmsy10.pfb><C:
/Program Files/MiKTeX/fonts/type1/public/amsfonts/cm/cmsy7.pfb><C:/Program File
s/MiKTeX/fonts/type1/public/amsfonts/cm/cmsy8.pfb><C:/Program Files/MiKTeX/font
s/type1/public/amsfonts/cm/cmsy9.pfb><C:/Program Files/MiKTeX/fonts/type1/publi
c/amsfonts/symbols/msbm10.pfb>
Output written on D:\code\latex_presentation\tmp\tex_recompile\demo_recompiled.
pdf (6 pages, 393602 bytes).
Transcript written on D:\code\latex_presentation\tmp\tex_recompile\demo_recompi
led.log.
